id,name,email,password
1,鈴木一郎,suzuki@example.com,Abcd1234