name,email,password,zipcode,address,telephone
山田太郎,yamada@example.com,testpassword,111-1111,東京都新宿区,080-0000-0000