id,name,email,password
1,田中一郎,tanaka@example.com,$2a$10$Utoo6nr3XIFEh4xOZ9Zr1.n/PtEYBb8HhlLDDklaJwsj.T3uux4kq